52.206.111.94 - - [14/Nov/2016:12:51:46 +0000] "GET /bySKU.php?id=jpalmer&pw=goodbass&object=customers&salespersonid=183 HTTP/1.1" 200 7272 "-" "Zend\\Http\\Client"
52.206.111.94 - - [14/Nov/2016:12:51:50 +0000] "GET /bySKU.php?id=jpalmer&pw=goodbass&object=salespeople HTTP/1.1" 200 374 "-" "Zend\\Http\\Client"
::1 - - [14/Nov/2016:12:51:56 +0000] "OPTIONS * HTTP/1.0" 200 - "-" "Apache/2.4.23 (Amazon) OpenSSL/1.0.1k-fips PHP/5.6.26 (internal dummy connection)"
52.206.111.94 - - [14/Nov/2016:12:51:56 +0000] "GET /bySKU.php?id=jpalmer&pw=goodbass&object=customers&salespersonid=181 HTTP/1.1" 200 25692 "-" "Zend\\Http\\Client"
52.206.111.94 - - [14/Nov/2016:12:52:00 +0000] "GET /bySKU.php?id=jpalmer&pw=goodbass&object=customerlistitems&customerid=608 HTTP/1.1" 200 6570 "-" "Zend\\Http\\Client"
52.206.111.94 - - [14/Nov/2016:12:52:09 +0000] "GET /bySKU.php?id=jpalmer&pw=goodbass&object=customers&salespersonid=181 HTTP/1.1" 200 25692 "-" "Zend\\Http\\Client"
52.206.111.94 - - [14/Nov/2016:12:52:14 +0000] "GET /bySKU.php?id=jpalmer&pw=goodbass&object=customerlistitems&customerid=565 HTTP/1.1" 200 3095 "-" "Zend\\Http\\Client"
52.206.111.94 - - [14/Nov/2016:12:52:20 +0000] "GET /bySKU.php?id=jpalmer&pw=goodbass&object=customers&salespersonid=181 HTTP/1.1" 200 25692 "-" "Zend\\Http\\Client"
52.206.111.94 - - [14/Nov/2016:12:52:27 +0000] "GET /bySKU.php?id=jpalmer&pw=goodbass&object=customerlistitems&customerid=608 HTTP/1.1" 200 6570 "-" "Zend\\Http\\Client"
52.206.111.94 - - [14/Nov/2016:12:52:33 +0000] "GET /bySKU.php?id=jpalmer&pw=goodbass&object=customers&salespersonid=181 HTTP/1.1" 200 25692 "-" "Zend\\Http\\Client"
52.206.111.94 - - [14/Nov/2016:12:52:37 +0000] "GET /bySKU.php?id=jpalmer&pw=goodbass&object=customerlistitems&customerid=565 HTTP/1.1" 200 3095 "-" "Zend\\Http\\Client"
183.129.160.229 - - [14/Nov/2016:13:15:37 +0000] "test" 400 226 "-" "-"
183.129.160.229 - - [14/Nov/2016:13:15:37 +0000] "GET / HTTP/1.1" 302 - "-" "Mozilla/5.0 (Macintosh; Intel Mac OS X 10.11; rv:47.0) Gecko/20100101 Firefox/47.0"
65.129.86.149 - - [14/Nov/2016:15:12:22 +0000] "GET / HTTP/1.0" 302 - "-" "Mozilla/5.0 (compatible; Googlebot/2.1; +http://www.google.com/bot.html)"
126.59.246.240 - - [14/Nov/2016:16:35:51 +0000] "GET / HTTP/1.0" 302 - "-" "Mozilla/5.0 (compatible; Googlebot/2.1; +http://www.google.com/bot.html)"
114.32.44.176 - - [14/Nov/2016:16:37:29 +0000] "GET / HTTP/1.0" 302 - "-" "Mozilla/5.0 (compatible; Googlebot/2.1; +http://www.google.com/bot.html)"
213.7.146.250 - - [14/Nov/2016:17:03:51 +0000] "GET / HTTP/1.0" 302 - "-" "Mozilla/5.0 (compatible; Googlebot/2.1; +http://www.google.com/bot.html)"
2.137.31.241 - - [14/Nov/2016:17:04:19 +0000] "GET / HTTP/1.0" 302 - "-" "Mozilla/5.0 (compatible; Googlebot/2.1; +http://www.google.com/bot.html)"
46.172.91.20 - - [14/Nov/2016:18:00:07 +0000] "GET / HTTP/1.1" 302 - "-" "Scanbot"
61.58.96.162 - - [14/Nov/2016:18:41:03 +0000] "GET / HTTP/1.0" 302 - "-" "Mozilla/5.0 (compatible; Googlebot/2.1; +http://www.google.com/bot.html)"
23.247.72.106 - - [14/Nov/2016:19:59:46 +0000] "GET / HTTP/1.1" 302 - "-" "Mozilla/4.0 (compatible; MSIE 8.0; Windows NT 6.1; Trident/4.0; SLCC2; .NET CLR 2.0.50727; .NET CLR 3.5.30729; .NET CLR 3.0.30729; Media Center PC 6.0)"
23.247.72.106 - - [14/Nov/2016:19:59:48 +0000] "GET / HTTP/1.1" 200 30386 "-" "Mozilla/4.0 (compatible; MSIE 8.0; Windows NT 6.1; Trident/4.0; SLCC2; .NET CLR 2.0.50727; .NET CLR 3.5.30729; .NET CLR 3.0.30729; Media Center PC 6.0)"
173.208.207.132 - - [14/Nov/2016:20:31:09 +0000] "GET / HTTP/1.1" 302 - "-" "Mozilla/4.0 (compatible; MSIE 8.0; Windows NT 6.1; Trident/4.0; SLCC2; .NET CLR 2.0.50727; .NET CLR 3.5.30729; .NET CLR 3.0.30729; Media Center PC 6.0)"
173.208.207.132 - - [14/Nov/2016:20:31:10 +0000] "GET / HTTP/1.1" 200 30386 "-" "Mozilla/4.0 (compatible; MSIE 8.0; Windows NT 6.1; Trident/4.0; SLCC2; .NET CLR 2.0.50727; .NET CLR 3.5.30729; .NET CLR 3.0.30729; Media Center PC 6.0)"
23.247.27.115 - - [14/Nov/2016:21:16:16 +0000] "GET / HTTP/1.1" 302 - "-" "Mozilla/4.0 (compatible; MSIE 8.0; Windows NT 6.1; Trident/4.0; SLCC2; .NET CLR 2.0.50727; .NET CLR 3.5.30729; .NET CLR 3.0.30729; Media Center PC 6.0)"
23.247.27.115 - - [14/Nov/2016:21:16:17 +0000] "GET / HTTP/1.1" 200 30386 "-" "Mozilla/4.0 (compatible; MSIE 8.0; Windows NT 6.1; Trident/4.0; SLCC2; .NET CLR 2.0.50727; .NET CLR 3.5.30729; .NET CLR 3.0.30729; Media Center PC 6.0)"
220.133.22.86 - - [14/Nov/2016:21:27:39 +0000] "GET / HTTP/1.0" 302 - "-" "Mozilla/5.0 (compatible; Googlebot/2.1; +http://www.google.com/bot.html)"
23.247.72.82 - - [14/Nov/2016:22:18:07 +0000] "GET / HTTP/1.1" 302 - "-" "Mozilla/4.0 (compatible; MSIE 8.0; Windows NT 6.1; Trident/4.0; SLCC2; .NET CLR 2.0.50727; .NET CLR 3.5.30729; .NET CLR 3.0.30729; Media Center PC 6.0)"
23.247.72.82 - - [14/Nov/2016:22:18:08 +0000] "GET / HTTP/1.1" 200 30386 "-" "Mozilla/4.0 (compatible; MSIE 8.0; Windows NT 6.1; Trident/4.0; SLCC2; .NET CLR 2.0.50727; .NET CLR 3.5.30729; .NET CLR 3.0.30729; Media Center PC 6.0)"
192.187.101.238 - - [14/Nov/2016:22:33:59 +0000] "GET / HTTP/1.1" 302 - "-" "Mozilla/4.0 (compatible; MSIE 8.0; Windows NT 6.1; Trident/4.0; SLCC2; .NET CLR 2.0.50727; .NET CLR 3.5.30729; .NET CLR 3.0.30729; Media Center PC 6.0)"
192.187.101.238 - - [14/Nov/2016:22:34:00 +0000] "GET / HTTP/1.1" 200 30386 "-" "Mozilla/4.0 (compatible; MSIE 8.0; Windows NT 6.1; Trident/4.0; SLCC2; .NET CLR 2.0.50727; .NET CLR 3.5.30729; .NET CLR 3.0.30729; Media Center PC 6.0)"
52.206.111.94 - - [14/Nov/2016:22:49:25 +0000] "GET /bySKU.php?id=jpalmer&pw=goodbass&object=customers&salespersonid=183 HTTP/1.1" 200 7272 "-" "Zend\\Http\\Client"
52.206.111.94 - - [14/Nov/2016:22:49:29 +0000] "GET /bySKU.php?id=jpalmer&pw=goodbass&object=customerlistitems&customerid=400 HTTP/1.1" 200 7023 "-" "Zend\\Http\\Client"
::1 - - [14/Nov/2016:22:49:55 +0000] "OPTIONS * HTTP/1.0" 200 - "-" "Apache/2.4.23 (Amazon) OpenSSL/1.0.1k-fips PHP/5.6.26 (internal dummy connection)"
52.206.111.94 - - [14/Nov/2016:23:11:57 +0000] "GET /bySKU.php?id=jpalmer&pw=goodbass&object=salespeople HTTP/1.1" 200 374 "-" "Zend\\Http\\Client"
52.206.111.94 - - [14/Nov/2016:23:12:00 +0000] "GET /bySKU.php?id=jpalmer&pw=goodbass&object=customers&salespersonid=206 HTTP/1.1" 200 6930 "-" "Zend\\Http\\Client"
52.206.111.94 - - [14/Nov/2016:23:12:07 +0000] "GET /bySKU.php?id=jpalmer&pw=goodbass&object=customerlistitems&customerid=1153 HTTP/1.1" 200 2679 "-" "Zend\\Http\\Client"
52.206.111.94 - - [14/Nov/2016:23:12:13 +0000] "GET /bySKU.php?id=jpalmer&pw=goodbass&object=salespeople HTTP/1.1" 200 374 "-" "Zend\\Http\\Client"
175.143.89.253 - - [15/Nov/2016:03:44:19 +0000] "GET / HTTP/1.0" 302 - "-" "Mozilla/5.0 (compatible; Googlebot/2.1; +http://www.google.com/bot.html)"
162.243.112.22 - - [15/Nov/2016:03:59:57 +0000] "GET http://162.243.112.22/ HTTP/1.1" 302 - "-" "-"
205.164.3.166 - "" [15/Nov/2016:05:36:13 +0000] "GET /manager/html HTTP/1.1" 302 - "-" "Mozilla/5.0 (compatible; MSIE 10.0; Windows NT 6.2; WOW64; Trident/6.0)"
51.15.43.87 - - [15/Nov/2016:06:26:02 +0000] "GET /xmlrpc.php HTTP/1.1" 302 - "-" "PycURL/7.19.5 libcurl/7.38.0 GnuTLS/3.3.8 zlib/1.2.8 libidn/1.29 libssh2/1.4.3 librtmp/2.3"
51.15.43.87 - - [15/Nov/2016:06:26:02 +0000] "GET / HTTP/1.1" 200 29793 "-" "PycURL/7.19.5 libcurl/7.38.0 GnuTLS/3.3.8 zlib/1.2.8 libidn/1.29 libssh2/1.4.3 librtmp/2.3"
104.148.75.19 - - [15/Nov/2016:08:25:00 +0000] "GET / HTTP/1.1" 302 - "-" "Mozilla/4.0 (compatible; MSIE 8.0; Windows NT 6.1; Trident/4.0; SLCC2; .NET CLR 2.0.50727; .NET CLR 3.5.30729; .NET CLR 3.0.30729; Media Center PC 6.0)"
104.148.75.19 - - [15/Nov/2016:08:25:03 +0000] "GET / HTTP/1.1" 200 30386 "-" "Mozilla/4.0 (compatible; MSIE 8.0; Windows NT 6.1; Trident/4.0; SLCC2; .NET CLR 2.0.50727; .NET CLR 3.5.30729; .NET CLR 3.0.30729; Media Center PC 6.0)"
63.141.242.197 - - [15/Nov/2016:10:44:07 +0000] "GET / HTTP/1.1" 302 - "-" "Mozilla/4.0 (compatible; MSIE 8.0; Windows NT 6.1; Trident/4.0; SLCC2; .NET CLR 2.0.50727; .NET CLR 3.5.30729; .NET CLR 3.0.30729; Media Center PC 6.0)"
63.141.242.197 - - [15/Nov/2016:10:44:08 +0000] "GET / HTTP/1.1" 200 30386 "-" "Mozilla/4.0 (compatible; MSIE 8.0; Windows NT 6.1; Trident/4.0; SLCC2; .NET CLR 2.0.50727; .NET CLR 3.5.30729; .NET CLR 3.0.30729; Media Center PC 6.0)"
104.148.75.18 - - [15/Nov/2016:11:08:50 +0000] "GET / HTTP/1.1" 302 - "-" "Mozilla/4.0 (compatible; MSIE 8.0; Windows NT 6.1; Trident/4.0; SLCC2; .NET CLR 2.0.50727; .NET CLR 3.5.30729; .NET CLR 3.0.30729; Media Center PC 6.0)"
104.148.75.18 - - [15/Nov/2016:11:08:51 +0000] "GET / HTTP/1.1" 200 30386 "-" "Mozilla/4.0 (compatible; MSIE 8.0; Windows NT 6.1; Trident/4.0; SLCC2; .NET CLR 2.0.50727; .NET CLR 3.5.30729; .NET CLR 3.0.30729; Media Center PC 6.0)"
52.206.111.94 - - [15/Nov/2016:12:08:00 +0000] "GET /bySKU.php?id=jpalmer&pw=goodbass&object=salespeople HTTP/1.1" 200 374 "-" "Zend\\Http\\Client"
52.206.111.94 - - [15/Nov/2016:12:08:04 +0000] "GET /bySKU.php?id=jpalmer&pw=goodbass&object=customers&salespersonid=183 HTTP/1.1" 200 7272 "-" "Zend\\Http\\Client"
52.206.111.94 - - [15/Nov/2016:12:08:07 +0000] "GET /bySKU.php?id=jpalmer&pw=goodbass&object=customerlistitems&customerid=397 HTTP/1.1" 200 6998 "-" "Zend\\Http\\Client"
::1 - - [15/Nov/2016:12:08:12 +0000] "OPTIONS * HTTP/1.0" 200 - "-" "Apache/2.4.23 (Amazon) OpenSSL/1.0.1k-fips PHP/5.6.26 (internal dummy connection)"
198.204.255.77 - - [15/Nov/2016:12:57:45 +0000] "GET / HTTP/1.1" 302 - "-" "Mozilla/4.0 (compatible; MSIE 8.0; Windows NT 6.1; Trident/4.0; SLCC2; .NET CLR 2.0.50727; .NET CLR 3.5.30729; .NET CLR 3.0.30729; Media Center PC 6.0)"
198.204.255.77 - - [15/Nov/2016:12:57:46 +0000] "GET / HTTP/1.1" 200 30386 "-" "Mozilla/4.0 (compatible; MSIE 8.0; Windows NT 6.1; Trident/4.0; SLCC2; .NET CLR 2.0.50727; .NET CLR 3.5.30729; .NET CLR 3.0.30729; Media Center PC 6.0)"
23.247.27.2 - - [15/Nov/2016:13:14:37 +0000] "GET / HTTP/1.1" 302 - "-" "Mozilla/4.0 (compatible; MSIE 8.0; Windows NT 6.1; Trident/4.0; SLCC2; .NET CLR 2.0.50727; .NET CLR 3.5.30729; .NET CLR 3.0.30729; Media Center PC 6.0)"
23.247.27.2 - - [15/Nov/2016:13:14:38 +0000] "GET / HTTP/1.1" 200 30386 "-" "Mozilla/4.0 (compatible; MSIE 8.0; Windows NT 6.1; Trident/4.0; SLCC2; .NET CLR 2.0.50727; .NET CLR 3.5.30729; .NET CLR 3.0.30729; Media Center PC 6.0)"
5.2.197.214 - - [15/Nov/2016:13:20:41 +0000] "GET /bySKU.php?id=valentina&pw=fishy&object=vendor HTTP/1.1" 200 4104 "-" "Zend\\Http\\Client"
5.2.197.214 - - [15/Nov/2016:13:20:42 +0000] "GET /bySKU.php?id=valentina&pw=fishy&object=status HTTP/1.1" 200 793 "-" "Zend\\Http\\Client"
5.2.197.214 - - [15/Nov/2016:13:20:43 +0000] "GET /bySKU.php?id=valentina&pw=fishy&object=bysku HTTP/1.1" 200 50991 "-" "Zend\\Http\\Client"
5.2.197.214 - - [15/Nov/2016:13:20:46 +0000] "GET /bySKU.php?id=valentina&pw=fishy&object=shippingaddress&orderid=200000567%2C100007901%2C200000548%2C100007084%2C100007882%2C200000555%2C100007879%2C100007900%2C100002820%2C200000550%2C100004803%2C100006057 HTTP/1.1" 200 5593 "-" "Zend\\Http\\Client"
5.2.197.214 - - [15/Nov/2016:13:28:29 +0000] "PUT /bySKU.php?id=valentina&pw=fishy&object=orderitem&orderitemid=21789&wholewtqty=4.00 HTTP/1.1" 200 27 "-" "Zend\\Http\\Client"
5.2.197.214 - - [15/Nov/2016:13:43:50 +0000] "PUT /bySKU.php?id=valentina&pw=fishy&object=orderitem&orderitemid=21789&wholewtqty=0.65 HTTP/1.1" 200 27 "-" "Zend\\Http\\Client"
5.2.197.214 - - [15/Nov/2016:13:45:33 +0000] "PUT /bySKU.php?id=valentina&pw=fishy&object=orderitem&orderitemid=21789&wholewtqty=1.17 HTTP/1.1" 200 27 "-" "Zend\\Http\\Client"
5.2.197.214 - - [15/Nov/2016:13:46:40 +0000] "PUT /bySKU.php?id=valentina&pw=fishy&object=orderitem&orderitemid=21634&wholewtqty=1.17 HTTP/1.1" 200 27 "-" "Zend\\Http\\Client"
5.2.197.214 - - [15/Nov/2016:13:47:12 +0000] "PUT /bySKU.php?id=valentina&pw=fishy&object=orderitem&orderitemid=11285&wholewtqty=1.17 HTTP/1.1" 200 119 "-" "Zend\\Http\\Client"
52.206.111.94 - - [15/Nov/2016:13:49:55 +0000] "GET /bySKU.php?id=jpalmer&pw=goodbass&object=customerlistitems&customerid=397 HTTP/1.1" 200 6998 "-" "Zend\\Http\\Client"
::1 - - [15/Nov/2016:13:50:00 +0000] "OPTIONS * HTTP/1.0" 200 - "-" "Apache/2.4.23 (Amazon) OpenSSL/1.0.1k-fips PHP/5.6.26 (internal dummy connection)"
::1 - - [15/Nov/2016:13:50:01 +0000] "OPTIONS * HTTP/1.0" 200 - "-" "Apache/2.4.23 (Amazon) OpenSSL/1.0.1k-fips PHP/5.6.26 (internal dummy connection)"
52.206.111.94 - - [15/Nov/2016:13:50:19 +0000] "GET /bySKU.php?id=jpalmer&pw=goodbass&object=customers&salespersonid=183 HTTP/1.1" 200 7272 "-" "Zend\\Http\\Client"
52.206.111.94 - - [15/Nov/2016:13:50:22 +0000] "GET /bySKU.php?id=jpalmer&pw=goodbass&object=customerlistitems&customerid=400 HTTP/1.1" 200 7023 "-" "Zend\\Http\\Client"
::1 - - [15/Nov/2016:13:50:28 +0000] "OPTIONS * HTTP/1.0" 200 - "-" "Apache/2.4.23 (Amazon) OpenSSL/1.0.1k-fips PHP/5.6.26 (internal dummy connection)"
46.172.91.20 - - [15/Nov/2016:14:19:34 +0000] "GET / HTTP/1.1" 302 - "-" "Scanbot"
104.128.144.131 - - [15/Nov/2016:18:52:43 +0000] "GET / HTTP/1.0" 302 - "-" "www.probethenet.com scanner"
104.128.144.131 - - [15/Nov/2016:18:52:43 +0000] "HEAD /redirect.php HTTP/1.0" 302 - "-" "www.probethenet.com scanner"
52.206.111.94 - - [15/Nov/2016:19:14:14 +0000] "GET /bySKU.php?id=jpalmer&pw=goodbass&object=customerlistitems&customerid=400 HTTP/1.1" 200 7023 "-" "Zend\\Http\\Client"
52.206.111.94 - - [15/Nov/2016:19:19:50 +0000] "GET /bySKU.php?id=jpalmer&pw=goodbass&object=customers&salespersonid=183 HTTP/1.1" 200 7272 "-" "Zend\\Http\\Client"
52.206.111.94 - - [15/Nov/2016:19:19:54 +0000] "GET /bySKU.php?id=jpalmer&pw=goodbass&object=customerlistitems&customerid=397 HTTP/1.1" 200 6998 "-" "Zend\\Http\\Client"
52.206.111.94 - - [15/Nov/2016:19:21:40 +0000] "GET /bySKU.php?id=jpalmer&pw=goodbass&object=customers&salespersonid=183 HTTP/1.1" 200 7272 "-" "Zend\\Http\\Client"
52.206.111.94 - - [15/Nov/2016:19:21:44 +0000] "GET /bySKU.php?id=jpalmer&pw=goodbass&object=customerlistitems&customerid=842 HTTP/1.1" 200 21 "-" "Zend\\Http\\Client"
52.206.111.94 - - [15/Nov/2016:19:21:47 +0000] "GET /bySKU.php?id=jpalmer&pw=goodbass&object=salespeople HTTP/1.1" 200 374 "-" "Zend\\Http\\Client"
52.206.111.94 - - [15/Nov/2016:19:21:49 +0000] "GET /bySKU.php?id=jpalmer&pw=goodbass&object=customers&salespersonid=180 HTTP/1.1" 200 29677 "-" "Zend\\Http\\Client"
52.206.111.94 - - [15/Nov/2016:19:21:51 +0000] "GET /bySKU.php?id=jpalmer&pw=goodbass&object=customerlistitems&customerid=620 HTTP/1.1" 200 2703 "-" "Zend\\Http\\Client"
52.206.111.94 - - [15/Nov/2016:19:22:21 +0000] "GET /bySKU.php?id=jpalmer&pw=goodbass&object=salespeople HTTP/1.1" 200 374 "-" "Zend\\Http\\Client"
52.206.111.94 - - [15/Nov/2016:19:22:24 +0000] "GET /bySKU.php?id=jpalmer&pw=goodbass&object=customers&salespersonid=180 HTTP/1.1" 200 29677 "-" "Zend\\Http\\Client"
52.206.111.94 - - [15/Nov/2016:19:22:28 +0000] "GET /bySKU.php?id=jpalmer&pw=goodbass&object=customerlistitems&customerid=972 HTTP/1.1" 200 2190 "-" "Zend\\Http\\Client"
52.206.111.94 - - [15/Nov/2016:19:24:27 +0000] "GET /bySKU.php?id=jpalmer&pw=goodbass&object=customers&salespersonid=180 HTTP/1.1" 200 29677 "-" "Zend\\Http\\Client"
52.206.111.94 - - [15/Nov/2016:19:24:34 +0000] "GET /bySKU.php?id=jpalmer&pw=goodbass&object=customerlistitems&customerid=1159 HTTP/1.1" 200 5265 "-" "Zend\\Http\\Client"
52.206.111.94 - - [15/Nov/2016:19:24:41 +0000] "GET /bySKU.php?id=jpalmer&pw=goodbass&object=customers&salespersonid=180 HTTP/1.1" 200 29677 "-" "Zend\\Http\\Client"
52.206.111.94 - - [15/Nov/2016:19:24:50 +0000] "GET /bySKU.php?id=jpalmer&pw=goodbass&object=customerlistitems&customerid=818 HTTP/1.1" 200 3836 "-" "Zend\\Http\\Client"
52.206.111.94 - - [15/Nov/2016:19:24:55 +0000] "GET /bySKU.php?id=jpalmer&pw=goodbass&object=customers&salespersonid=180 HTTP/1.1" 200 29677 "-" "Zend\\Http\\Client"
52.206.111.94 - - [15/Nov/2016:19:25:05 +0000] "GET /bySKU.php?id=jpalmer&pw=goodbass&object=customerlistitems&customerid=1458 HTTP/1.1" 200 470 "-" "Zend\\Http\\Client"
52.206.111.94 - - [15/Nov/2016:19:25:08 +0000] "GET /bySKU.php?id=jpalmer&pw=goodbass&object=customers&salespersonid=180 HTTP/1.1" 200 29677 "-" "Zend\\Http\\Client"
52.206.111.94 - - [15/Nov/2016:19:25:18 +0000] "GET /bySKU.php?id=jpalmer&pw=goodbass&object=customerlistitems&customerid=1460 HTTP/1.1" 200 934 "-" "Zend\\Http\\Client"
52.206.111.94 - - [15/Nov/2016:19:25:21 +0000] "GET /bySKU.php?id=jpalmer&pw=goodbass&object=customers&salespersonid=180 HTTP/1.1" 200 29677 "-" "Zend\\Http\\Client"
52.206.111.94 - - [15/Nov/2016:19:25:31 +0000] "GET /bySKU.php?id=jpalmer&pw=goodbass&object=customerlistitems&customerid=1004 HTTP/1.1" 200 4000 "-" "Zend\\Http\\Client"
128.232.110.28 - - [15/Nov/2016:20:54:53 +0000] "GET / HTTP/1.1" 302 - "-" "Mozilla/5.0 zgrab/0.x"
128.232.110.28 - - [15/Nov/2016:20:54:54 +0000] "GET / HTTP/1.1" 200 7964 "http://52.206.111.94:80/" "Mozilla/5.0 zgrab/0.x"
52.206.111.94 - - [15/Nov/2016:21:46:01 +0000] "GET /bySKU.php?id=jpalmer&pw=goodbass&object=customers&salespersonid=183 HTTP/1.1" 200 7272 "-" "Zend\\Http\\Client"
52.206.111.94 - - [15/Nov/2016:21:46:03 +0000] "GET /bySKU.php?id=jpalmer&pw=goodbass&object=customerlistitems&customerid=400 HTTP/1.1" 200 7023 "-" "Zend\\Http\\Client"
::1 - - [15/Nov/2016:21:46:10 +0000] "OPTIONS * HTTP/1.0" 200 - "-" "Apache/2.4.23 (Amazon) OpenSSL/1.0.1k-fips PHP/5.6.26 (internal dummy connection)"
::1 - - [15/Nov/2016:21:46:11 +0000] "OPTIONS * HTTP/1.0" 200 - "-" "Apache/2.4.23 (Amazon) OpenSSL/1.0.1k-fips PHP/5.6.26 (internal dummy connection)"
52.206.111.94 - - [15/Nov/2016:21:54:06 +0000] "GET /bySKU.php?id=jpalmer&pw=goodbass&object=customerlistitems&customerid=400 HTTP/1.1" 200 7023 "-" "Zend\\Http\\Client"
::1 - - [15/Nov/2016:21:54:11 +0000] "OPTIONS * HTTP/1.0" 200 - "-" "Apache/2.4.23 (Amazon) OpenSSL/1.0.1k-fips PHP/5.6.26 (internal dummy connection)"
::1 - - [15/Nov/2016:21:54:12 +0000] "OPTIONS * HTTP/1.0" 200 - "-" "Apache/2.4.23 (Amazon) OpenSSL/1.0.1k-fips PHP/5.6.26 (internal dummy connection)"
52.206.111.94 - - [15/Nov/2016:22:01:40 +0000] "GET /bySKU.php?id=jpalmer&pw=goodbass&object=customerlistitems&customerid=400 HTTP/1.1" 200 7023 "-" "Zend\\Http\\Client"
::1 - - [15/Nov/2016:22:02:23 +0000] "OPTIONS * HTTP/1.0" 200 - "-" "Apache/2.4.23 (Amazon) OpenSSL/1.0.1k-fips PHP/5.6.26 (internal dummy connection)"
52.206.111.94 - - [15/Nov/2016:22:07:44 +0000] "GET /bySKU.php?id=jpalmer&pw=goodbass&object=customers&salespersonid=181 HTTP/1.1" 200 25692 "-" "Zend\\Http\\Client"
52.206.111.94 - - [15/Nov/2016:22:16:53 +0000] "GET /bySKU.php?id=jpalmer&pw=goodbass&object=customers&salespersonid=183 HTTP/1.1" 200 7272 "-" "Zend\\Http\\Client"
52.206.111.94 - - [15/Nov/2016:22:16:58 +0000] "GET /bySKU.php?id=jpalmer&pw=goodbass&object=salespeople HTTP/1.1" 200 374 "-" "Zend\\Http\\Client"
52.206.111.94 - - [15/Nov/2016:22:17:16 +0000] "GET /bySKU.php?id=jpalmer&pw=goodbass&object=customers&salespersonid=181 HTTP/1.1" 200 25692 "-" "Zend\\Http\\Client"
52.206.111.94 - - [15/Nov/2016:22:17:24 +0000] "GET /bySKU.php?id=jpalmer&pw=goodbass&object=customerlistitems&customerid=608 HTTP/1.1" 200 6570 "-" "Zend\\Http\\Client"
::1 - - [15/Nov/2016:22:17:31 +0000] "OPTIONS * HTTP/1.0" 200 - "-" "Apache/2.4.23 (Amazon) OpenSSL/1.0.1k-fips PHP/5.6.26 (internal dummy connection)"
52.206.111.94 - - [15/Nov/2016:22:17:32 +0000] "GET /bySKU.php?id=jpalmer&pw=goodbass&object=customers&salespersonid=181 HTTP/1.1" 200 25692 "-" "Zend\\Http\\Client"
52.206.111.94 - - [15/Nov/2016:22:17:37 +0000] "GET /bySKU.php?id=jpalmer&pw=goodbass&object=customerlistitems&customerid=608 HTTP/1.1" 200 6570 "-" "Zend\\Http\\Client"
42.118.73.75 - - [15/Nov/2016:22:37:06 +0000] "GET / HTTP/1.0" 302 - "-" "Mozilla/5.0 (compatible; Googlebot/2.1; +http://www.google.com/bot.html)"
175.182.225.46 - - [15/Nov/2016:22:46:22 +0000] "GET / HTTP/1.0" 302 - "-" "Mozilla/5.0 (compatible; Googlebot/2.1; +http://www.google.com/bot.html)"
179.99.212.107 - - [15/Nov/2016:22:50:12 +0000] "GET /manager/html HTTP/1.0" 302 - "-" "Mozilla/5.0 (Windows NT 5.1; rv:5.0) Gecko/20100101 Firefox/5.0"
141.212.122.160 - - [16/Nov/2016:00:43:02 +0000] "GET / HTTP/1.1" 302 - "-" "Mozilla/5.0 zgrab/0.x"
141.212.122.160 - - [16/Nov/2016:00:43:03 +0000] "GET / HTTP/1.1" 200 8222 "http://52.206.111.94:80/" "Mozilla/5.0 zgrab/0.x"
61.61.224.237 - - [16/Nov/2016:01:19:46 +0000] "GET / HTTP/1.0" 302 - "-" "Mozilla/5.0 (compatible; Googlebot/2.1; +http://www.google.com/bot.html)"
172.56.13.11 - - [16/Nov/2016:02:04:01 +0000] "GET /bySKU.php?id=jpalmer&pw=goodbass&object=customerlistitems&customerid=735 HTTP/1.1" 200 33 "-" "Mozilla/5.0 (Macintosh; Intel Mac OS X 10.12; rv:49.0) Gecko/20100101 Firefox/49.0"
172.56.13.11 - - [16/Nov/2016:02:04:01 +0000] "GET /favicon.ico HTTP/1.1" 404 209 "-" "Mozilla/5.0 (Macintosh; Intel Mac OS X 10.12; rv:49.0) Gecko/20100101 Firefox/49.0"
172.56.13.11 - - [16/Nov/2016:02:04:22 +0000] "GET /bySKU.php?id=jpalmer&pw=goodbass&object=customers&salespersonid=183 HTTP/1.1" 302 - "-" "Mozilla/5.0 (Macintosh; Intel Mac OS X 10.12; rv:49.0) Gecko/20100101 Firefox/49.0"
172.56.13.11 - - [16/Nov/2016:02:04:22 +0000] "GET / HTTP/1.1" 200 8222 "-" "Mozilla/5.0 (Macintosh; Intel Mac OS X 10.12; rv:49.0) Gecko/20100101 Firefox/49.0"
172.56.13.11 - - [16/Nov/2016:02:04:23 +0000] "GET /media/wysiwyg/recipes/WhitingInBrodo/FFM_Recipe_Image_WhitingInBrodo-12_WEB.jpg HTTP/1.1" 404 277 "http://chef.ffmalpha.com/" "Mozilla/5.0 (Macintosh; Intel Mac OS X 10.12; rv:49.0) Gecko/20100101 Firefox/49.0"
172.56.13.11 - - [16/Nov/2016:02:04:23 +0000] "GET /media/wysiwyg/recipes/WhitingInBrodo/FFM_Recipe_Image_WhitingInBrodo-12_WEB.jpg HTTP/1.1" 404 277 "http://chef.ffmalpha.com/" "Mozilla/5.0 (Macintosh; Intel Mac OS X 10.12; rv:49.0) Gecko/20100101 Firefox/49.0"
172.56.13.11 - - [16/Nov/2016:02:04:24 +0000] "POST / HTTP/1.1" 200 7924 "http://chef.ffmalpha.com/" "Mozilla/5.0 (Macintosh; Intel Mac OS X 10.12; rv:49.0) Gecko/20100101 Firefox/49.0"
172.56.13.11 - - [16/Nov/2016:02:04:33 +0000] "GET /bySKU.php?id=jpalmer&pw=goodbass&object=customers&salespersonid=183 HTTP/1.1" 200 33 "-" "Mozilla/5.0 (Macintosh; Intel Mac OS X 10.12; rv:49.0) Gecko/20100101 Firefox/49.0"
52.206.111.94 - - [16/Nov/2016:02:10:06 +0000] "GET /bySKU.php?id=jpalmer&pw=goodbass&object=customerlistitems&customerid=608 HTTP/1.1" 200 6570 "-" "Zend\\Http\\Client"
::1 - - [16/Nov/2016:02:10:11 +0000] "OPTIONS * HTTP/1.0" 200 - "-" "Apache/2.4.23 (Amazon) OpenSSL/1.0.1k-fips PHP/5.6.26 (internal dummy connection)"
::1 - - [16/Nov/2016:02:10:12 +0000] "OPTIONS * HTTP/1.0" 200 - "-" "Apache/2.4.23 (Amazon) OpenSSL/1.0.1k-fips PHP/5.6.26 (internal dummy connection)"
51.15.43.87 - - [16/Nov/2016:02:10:17 +0000] "GET /xmlrpc.php HTTP/1.1" 302 - "-" "PycURL/7.19.5 libcurl/7.38.0 GnuTLS/3.3.8 zlib/1.2.8 libidn/1.29 libssh2/1.4.3 librtmp/2.3"
52.206.111.94 - - [16/Nov/2016:02:10:18 +0000] "GET /bySKU.php?id=jpalmer&pw=goodbass&object=customerlistitems&customerid=608 HTTP/1.1" 200 6570 "-" "Zend\\Http\\Client"
51.15.43.87 - - [16/Nov/2016:02:10:18 +0000] "GET / HTTP/1.1" 200 29793 "-" "PycURL/7.19.5 libcurl/7.38.0 GnuTLS/3.3.8 zlib/1.2.8 libidn/1.29 libssh2/1.4.3 librtmp/2.3"
::1 - - [16/Nov/2016:02:10:34 +0000] "OPTIONS * HTTP/1.0" 200 - "-" "Apache/2.4.23 (Amazon) OpenSSL/1.0.1k-fips PHP/5.6.26 (internal dummy connection)"
::1 - - [16/Nov/2016:02:29:40 +0000] "OPTIONS * HTTP/1.0" 200 - "-" "Apache/2.4.23 (Amazon) OpenSSL/1.0.1k-fips PHP/5.6.26 (internal dummy connection)"
::1 - - [16/Nov/2016:02:32:46 +0000] "OPTIONS * HTTP/1.0" 200 - "-" "Apache/2.4.23 (Amazon) OpenSSL/1.0.1k-fips PHP/5.6.26 (internal dummy connection)"
::1 - - [16/Nov/2016:02:35:10 +0000] "OPTIONS * HTTP/1.0" 200 - "-" "Apache/2.4.23 (Amazon) OpenSSL/1.0.1k-fips PHP/5.6.26 (internal dummy connection)"
52.206.111.94 - - [16/Nov/2016:03:18:52 +0000] "GET /bySKU.php?id=jpalmer&pw=goodbass&object=customers&salespersonid=183 HTTP/1.1" 200 7272 "-" "Zend\\Http\\Client"
::1 - - [16/Nov/2016:03:18:58 +0000] "OPTIONS * HTTP/1.0" 200 - "-" "Apache/2.4.23 (Amazon) OpenSSL/1.0.1k-fips PHP/5.6.26 (internal dummy connection)"
52.206.111.94 - - [16/Nov/2016:03:19:10 +0000] "GET /bySKU.php?id=jpalmer&pw=goodbass&object=customerlistitems&customerid=400 HTTP/1.1" 200 7023 "-" "Zend\\Http\\Client"
::1 - - [16/Nov/2016:03:19:12 +0000] "OPTIONS * HTTP/1.0" 200 - "-" "Apache/2.4.23 (Amazon) OpenSSL/1.0.1k-fips PHP/5.6.26 (internal dummy connection)"
::1 - - [16/Nov/2016:03:19:50 +0000] "OPTIONS * HTTP/1.0" 200 - "-" "Apache/2.4.23 (Amazon) OpenSSL/1.0.1k-fips PHP/5.6.26 (internal dummy connection)"
52.206.111.94 - - [16/Nov/2016:03:25:23 +0000] "GET /bySKU.php?id=jpalmer&pw=goodbass&object=customerlistitems&customerid=400 HTTP/1.1" 200 7023 "-" "Zend\\Http\\Client"
::1 - - [16/Nov/2016:03:26:03 +0000] "OPTIONS * HTTP/1.0" 200 - "-" "Apache/2.4.23 (Amazon) OpenSSL/1.0.1k-fips PHP/5.6.26 (internal dummy connection)"
52.206.111.94 - - [16/Nov/2016:03:47:06 +0000] "GET /bySKU.php?id=jpalmer&pw=goodbass&object=customerlistitems&customerid=400 HTTP/1.1" 200 7023 "-" "Zend\\Http\\Client"
::1 - - [16/Nov/2016:03:48:18 +0000] "OPTIONS * HTTP/1.0" 200 - "-" "Apache/2.4.23 (Amazon) OpenSSL/1.0.1k-fips PHP/5.6.26 (internal dummy connection)"
67.173.117.223 - - [16/Nov/2016:03:48:37 +0000] "GET / HTTP/1.1" 200 7924 "-" "Mozilla/5.0 (Macintosh; Intel Mac OS X 10.12; rv:49.0) Gecko/20100101 Firefox/49.0"
67.173.117.223 - - [16/Nov/2016:03:48:38 +0000] "GET /media/wysiwyg/recipes/WhitingInBrodo/FFM_Recipe_Image_WhitingInBrodo-12_WEB.jpg HTTP/1.1" 404 277 "http://chef.ffmalpha.com/" "Mozilla/5.0 (Macintosh; Intel Mac OS X 10.12; rv:49.0) Gecko/20100101 Firefox/49.0"
67.173.117.223 - - [16/Nov/2016:03:48:38 +0000] "GET /media/wysiwyg/recipes/WhitingInBrodo/FFM_Recipe_Image_WhitingInBrodo-12_WEB.jpg HTTP/1.1" 404 277 "http://chef.ffmalpha.com/" "Mozilla/5.0 (Macintosh; Intel Mac OS X 10.12; rv:49.0) Gecko/20100101 Firefox/49.0"
67.173.117.223 - - [16/Nov/2016:03:48:40 +0000] "POST / HTTP/1.1" 200 7924 "http://chef.ffmalpha.com/" "Mozilla/5.0 (Macintosh; Intel Mac OS X 10.12; rv:49.0) Gecko/20100101 Firefox/49.0"
67.173.117.223 - - [16/Nov/2016:03:49:16 +0000] "GET / HTTP/1.1" 200 7924 "-" "Mozilla/5.0 (Macintosh; Intel Mac OS X 10.12; rv:49.0) Gecko/20100101 Firefox/49.0"
67.173.117.223 - - [16/Nov/2016:03:49:17 +0000] "GET /media/wysiwyg/recipes/WhitingInBrodo/FFM_Recipe_Image_WhitingInBrodo-12_WEB.jpg HTTP/1.1" 404 277 "http://chef.ffmalpha.com/" "Mozilla/5.0 (Macintosh; Intel Mac OS X 10.12; rv:49.0) Gecko/20100101 Firefox/49.0"
67.173.117.223 - - [16/Nov/2016:03:49:17 +0000] "GET /media/wysiwyg/recipes/WhitingInBrodo/FFM_Recipe_Image_WhitingInBrodo-12_WEB.jpg HTTP/1.1" 404 277 "http://chef.ffmalpha.com/" "Mozilla/5.0 (Macintosh; Intel Mac OS X 10.12; rv:49.0) Gecko/20100101 Firefox/49.0"
67.173.117.223 - - [16/Nov/2016:03:49:17 +0000] "POST / HTTP/1.1" 200 7924 "http://chef.ffmalpha.com/" "Mozilla/5.0 (Macintosh; Intel Mac OS X 10.12; rv:49.0) Gecko/20100101 Firefox/49.0"
67.173.117.223 - - [16/Nov/2016:03:49:20 +0000] "GET / HTTP/1.1" 200 7924 "-" "Mozilla/5.0 (Macintosh; Intel Mac OS X 10.12; rv:49.0) Gecko/20100101 Firefox/49.0"
67.173.117.223 - - [16/Nov/2016:03:49:21 +0000] "GET /media/wysiwyg/recipes/WhitingInBrodo/FFM_Recipe_Image_WhitingInBrodo-12_WEB.jpg HTTP/1.1" 404 277 "http://chef.ffmalpha.com/" "Mozilla/5.0 (Macintosh; Intel Mac OS X 10.12; rv:49.0) Gecko/20100101 Firefox/49.0"
67.173.117.223 - - [16/Nov/2016:03:49:21 +0000] "GET /media/wysiwyg/recipes/WhitingInBrodo/FFM_Recipe_Image_WhitingInBrodo-12_WEB.jpg HTTP/1.1" 404 277 "http://chef.ffmalpha.com/" "Mozilla/5.0 (Macintosh; Intel Mac OS X 10.12; rv:49.0) Gecko/20100101 Firefox/49.0"
67.173.117.223 - - [16/Nov/2016:03:49:21 +0000] "POST / HTTP/1.1" 200 7924 "http://chef.ffmalpha.com/" "Mozilla/5.0 (Macintosh; Intel Mac OS X 10.12; rv:49.0) Gecko/20100101 Firefox/49.0"
67.173.117.223 - - [16/Nov/2016:03:49:32 +0000] "GET / HTTP/1.1" 200 7924 "-" "Mozilla/5.0 (Macintosh; Intel Mac OS X 10.12; rv:49.0) Gecko/20100101 Firefox/49.0"
67.173.117.223 - - [16/Nov/2016:03:49:33 +0000] "GET /media/wysiwyg/recipes/WhitingInBrodo/FFM_Recipe_Image_WhitingInBrodo-12_WEB.jpg HTTP/1.1" 404 277 "http://chef.ffmalpha.com/" "Mozilla/5.0 (Macintosh; Intel Mac OS X 10.12; rv:49.0) Gecko/20100101 Firefox/49.0"
67.173.117.223 - - [16/Nov/2016:03:49:33 +0000] "GET /media/wysiwyg/recipes/WhitingInBrodo/FFM_Recipe_Image_WhitingInBrodo-12_WEB.jpg HTTP/1.1" 404 277 "http://chef.ffmalpha.com/" "Mozilla/5.0 (Macintosh; Intel Mac OS X 10.12; rv:49.0) Gecko/20100101 Firefox/49.0"
67.173.117.223 - - [16/Nov/2016:03:49:46 +0000] "GET / HTTP/1.1" 200 7924 "-" "Mozilla/5.0 (Macintosh; Intel Mac OS X 10.12; rv:49.0) Gecko/20100101 Firefox/49.0"
67.173.117.223 - - [16/Nov/2016:03:49:47 +0000] "GET /media/wysiwyg/recipes/WhitingInBrodo/FFM_Recipe_Image_WhitingInBrodo-12_WEB.jpg HTTP/1.1" 404 277 "http://chef.ffmalpha.com/" "Mozilla/5.0 (Macintosh; Intel Mac OS X 10.12; rv:49.0) Gecko/20100101 Firefox/49.0"
67.173.117.223 - - [16/Nov/2016:03:50:02 +0000] "GET /bySKU.php?id=jpalmer&pw=goodbass&object=customerlistitems&customerid=735 HTTP/1.1" 200 33 "-" "Mozilla/5.0 (Macintosh; Intel Mac OS X 10.12; rv:49.0) Gecko/20100101 Firefox/49.0"
52.206.111.94 - - [16/Nov/2016:03:52:08 +0000] "GET /bySKU.php?id=jpalmer HTTP/1.1" 200 39 "-" "curl/7.47.1"
52.206.111.94 - - [16/Nov/2016:03:52:53 +0000] "GET /bySKU.php?id=jpalmer&pw=goodbass&object=customers&salespersonid=183 HTTP/1.1" 200 7272 "-" "curl/7.47.1"
23.247.72.42 - - [16/Nov/2016:04:39:43 +0000] "GET / HTTP/1.1" 302 - "-" "Mozilla/4.0 (compatible; MSIE 8.0; Windows NT 6.1; Trident/4.0; SLCC2; .NET CLR 2.0.50727; .NET CLR 3.5.30729; .NET CLR 3.0.30729; Media Center PC 6.0)"
23.247.72.42 - - [16/Nov/2016:04:39:44 +0000] "GET / HTTP/1.1" 200 30386 "-" "Mozilla/4.0 (compatible; MSIE 8.0; Windows NT 6.1; Trident/4.0; SLCC2; .NET CLR 2.0.50727; .NET CLR 3.5.30729; .NET CLR 3.0.30729; Media Center PC 6.0)"
222.186.34.31 - - [16/Nov/2016:04:54:45 +0000] "GET /axis2/axis2 HTTP/1.1" 302 - "-" "python-requests/2.7.0 CPython/2.7.9 Windows/2003Server"
222.186.34.31 - - [16/Nov/2016:04:54:54 +0000] "GET / HTTP/1.1" 200 7964 "-" "python-requests/2.7.0 CPython/2.7.9 Windows/2003Server"
69.30.227.221 - - [16/Nov/2016:07:15:00 +0000] "GET / HTTP/1.1" 302 - "-" "Mozilla/4.0 (compatible; MSIE 8.0; Windows NT 6.1; Trident/4.0; SLCC2; .NET CLR 2.0.50727; .NET CLR 3.5.30729; .NET CLR 3.0.30729; Media Center PC 6.0)"
69.30.227.221 - - [16/Nov/2016:07:15:01 +0000] "GET / HTTP/1.1" 200 30386 "-" "Mozilla/4.0 (compatible; MSIE 8.0; Windows NT 6.1; Trident/4.0; SLCC2; .NET CLR 2.0.50727; .NET CLR 3.5.30729; .NET CLR 3.0.30729; Media Center PC 6.0)"
104.137.240.100 - - [16/Nov/2016:07:31:32 +0000] "GET / HTTP/1.0" 302 - "-" "Mozilla/5.0 (compatible; Googlebot/2.1; +http://www.google.com/bot.html)"
23.247.72.27 - - [16/Nov/2016:08:02:01 +0000] "GET / HTTP/1.1" 302 - "-" "Mozilla/4.0 (compatible; MSIE 8.0; Windows NT 6.1; Trident/4.0; SLCC2; .NET CLR 2.0.50727; .NET CLR 3.5.30729; .NET CLR 3.0.30729; Media Center PC 6.0)"
23.247.72.27 - - [16/Nov/2016:08:02:02 +0000] "GET / HTTP/1.1" 200 30386 "-" "Mozilla/4.0 (compatible; MSIE 8.0; Windows NT 6.1; Trident/4.0; SLCC2; .NET CLR 2.0.50727; .NET CLR 3.5.30729; .NET CLR 3.0.30729; Media Center PC 6.0)"
5.2.197.214 - - [16/Nov/2016:09:12:49 +0000] "PUT /bySKU.php?id=valentina&pw=fishy&object=orderitem&orderitemid=21536&wholewtqty=1.00 HTTP/1.1" 200 27 "-" "Zend\\Http\\Client"
5.2.197.214 - - [16/Nov/2016:09:13:01 +0000] "PUT /bySKU.php?id=valentina&pw=fishy&object=orderitem&orderitemid=21540&wholewtqty=2.00 HTTP/1.1" 200 27 "-" "Zend\\Http\\Client"
5.2.197.214 - - [16/Nov/2016:09:13:23 +0000] "PUT /bySKU.php?id=valentina&pw=fishy&object=orderitem&orderitemid=21536&wholewtqty=null HTTP/1.1" 200 27 "-" "Zend\\Http\\Client"
5.2.197.214 - - [16/Nov/2016:09:13:30 +0000] "PUT /bySKU.php?id=valentina&pw=fishy&object=orderitem&orderitemid=21536&temp=null&temptimestamp=2016-11-16T11%3A09%3A57Z HTTP/1.1" 200 27 "-" "Zend\\Http\\Client"
5.2.197.214 - - [16/Nov/2016:09:13:44 +0000] "PUT /bySKU.php?id=valentina&pw=fishy&object=orderitem&orderitemid=21540&wholewtqty=null HTTP/1.1" 200 27 "-" "Zend\\Http\\Client"
5.2.197.214 - - [16/Nov/2016:09:14:23 +0000] "PUT /bySKU.php?id=valentina&pw=fishy&object=orderitem&orderitemid=21737&wholewtqty=null HTTP/1.1" 200 27 "-" "Zend\\Http\\Client"
5.2.197.214 - - [16/Nov/2016:09:14:31 +0000] "PUT /bySKU.php?id=valentina&pw=fishy&object=orderitem&orderitemid=21738&wholewtqty=5.00 HTTP/1.1" 200 27 "-" "Zend\\Http\\Client"
5.2.197.214 - - [16/Nov/2016:09:14:40 +0000] "PUT /bySKU.php?id=valentina&pw=fishy&object=orderitem&orderitemid=21737&wholewtqty=5.00 HTTP/1.1" 200 27 "-" "Zend\\Http\\Client"
5.2.197.214 - - [16/Nov/2016:09:14:48 +0000] "PUT /bySKU.php?id=valentina&pw=fishy&object=orderitem&orderitemid=21737&wholewtqty=null HTTP/1.1" 200 27 "-" "Zend\\Http\\Client"
5.2.197.214 - - [16/Nov/2016:09:14:52 +0000] "GET /bySKU.php?id=valentina&pw=fishy&object=overridevendors&orderitemid=21738 HTTP/1.1" 200 589 "-" "Zend\\Http\\Client"
5.2.197.214 - - [16/Nov/2016:09:15:03 +0000] "PUT /bySKU.php?id=valentina&pw=fishy&object=orderitem&orderitemid=21738&wholewtqty=null HTTP/1.1" 200 27 "-" "Zend\\Http\\Client"
5.2.197.214 - - [16/Nov/2016:09:15:44 +0000] "PUT /bySKU.php?id=valentina&pw=fishy&object=orderitem&orderitemid=21789&wholewtqty=null HTTP/1.1" 200 27 "-" "Zend\\Http\\Client"
108.38.69.44 - - [16/Nov/2016:09:38:47 +0000] "GET / HTTP/1.0" 302 - "-" "Mozilla/5.0 (compatible; Googlebot/2.1; +http://www.google.com/bot.html)"
5.2.197.214 - - [16/Nov/2016:09:41:41 +0000] "PUT /bySKU.php?id=valentina&pw=fishy&object=orderitem&orderitemid=13529&wholewtqty=1.18 HTTP/1.1" 200 50 "-" "Zend\\Http\\Client"
80.179.122.186 - - [16/Nov/2016:10:41:40 +0000] "GET / HTTP/1.0" 302 - "-" "Mozilla/5.0 (compatible; Googlebot/2.1; +http://www.google.com/bot.html)"
23.247.88.35 - - [16/Nov/2016:10:47:30 +0000] "GET / HTTP/1.1" 302 - "-" "Mozilla/4.0 (compatible; MSIE 8.0; Windows NT 6.1; Trident/4.0; SLCC2; .NET CLR 2.0.50727; .NET CLR 3.5.30729; .NET CLR 3.0.30729; Media Center PC 6.0)"
23.247.88.35 - - [16/Nov/2016:10:47:31 +0000] "GET / HTTP/1.1" 200 30386 "-" "Mozilla/4.0 (compatible; MSIE 8.0; Windows NT 6.1; Trident/4.0; SLCC2; .NET CLR 2.0.50727; .NET CLR 3.5.30729; .NET CLR 3.0.30729; Media Center PC 6.0)"
52.206.111.94 - - [16/Nov/2016:11:13:20 +0000] "GET /bySKU.php?id=jpalmer&pw=goodbass&object=customerlistitems&customerid=400 HTTP/1.1" 200 7023 "-" "Zend\\Http\\Client"
::1 - - [16/Nov/2016:11:13:26 +0000] "OPTIONS * HTTP/1.0" 200 - "-" "Apache/2.4.23 (Amazon) OpenSSL/1.0.1k-fips PHP/5.6.26 (internal dummy connection)"
::1 - - [16/Nov/2016:11:13:27 +0000] "OPTIONS * HTTP/1.0" 200 - "-" "Apache/2.4.23 (Amazon) OpenSSL/1.0.1k-fips PHP/5.6.26 (internal dummy connection)"
::1 - - [16/Nov/2016:11:13:28 +0000] "OPTIONS * HTTP/1.0" 200 - "-" "Apache/2.4.23 (Amazon) OpenSSL/1.0.1k-fips PHP/5.6.26 (internal dummy connection)"
52.206.111.94 - - [16/Nov/2016:11:14:35 +0000] "GET /bySKU.php?id=jpalmer&pw=goodbass&object=customers&salespersonid=181 HTTP/1.1" 200 25692 "-" "Zend\\Http\\Client"
52.206.111.94 - - [16/Nov/2016:11:14:45 +0000] "GET /bySKU.php?id=jpalmer&pw=goodbass&object=customerlistitems&customerid=565 HTTP/1.1" 200 3095 "-" "Zend\\Http\\Client"
52.206.111.94 - - [16/Nov/2016:11:16:02 +0000] "GET /bySKU.php?id=jpalmer&pw=goodbass&object=customers&salespersonid=181 HTTP/1.1" 200 25692 "-" "Zend\\Http\\Client"
52.206.111.94 - - [16/Nov/2016:11:16:08 +0000] "GET /bySKU.php?id=jpalmer&pw=goodbass&object=customerlistitems&customerid=608 HTTP/1.1" 200 6570 "-" "Zend\\Http\\Client"
5.2.197.214 - - [16/Nov/2016:11:16:07 +0000] "PUT /bySKU.php?id=valentina&pw=fishy&object=orderitem&orderitemid=21789&wholewtqty=1.18 HTTP/1.1" 200 27 "-" "Zend\\Http\\Client"
5.2.197.214 - - [16/Nov/2016:11:16:10 +0000] "PUT /bySKU.php?id=valentina&pw=fishy&object=orderitem&orderitemid=21789&wholewtqty=1.18 HTTP/1.1" 200 27 "-" "Zend\\Http\\Client"
52.206.111.94 - - [16/Nov/2016:11:16:22 +0000] "GET /bySKU.php?id=jpalmer&pw=goodbass&object=customers&salespersonid=181 HTTP/1.1" 200 25692 "-" "Zend\\Http\\Client"
52.206.111.94 - - [16/Nov/2016:11:16:26 +0000] "GET /bySKU.php?id=jpalmer&pw=goodbass&object=customerlistitems&customerid=565 HTTP/1.1" 200 3095 "-" "Zend\\Http\\Client"
::1 - - [16/Nov/2016:11:16:32 +0000] "OPTIONS * HTTP/1.0" 200 - "-" "Apache/2.4.23 (Amazon) OpenSSL/1.0.1k-fips PHP/5.6.26 (internal dummy connection)"
::1 - - [16/Nov/2016:11:16:33 +0000] "OPTIONS * HTTP/1.0" 200 - "-" "Apache/2.4.23 (Amazon) OpenSSL/1.0.1k-fips PHP/5.6.26 (internal dummy connection)"
5.2.197.214 - - [16/Nov/2016:11:17:12 +0000] "PUT /bySKU.php?id=valentina&pw=fishy&object=orderitem&orderitemid=21789&wholewtqty=1.70 HTTP/1.1" 200 27 "-" "Zend\\Http\\Client"
5.2.197.214 - - [16/Nov/2016:11:17:14 +0000] "PUT /bySKU.php?id=valentina&pw=fishy&object=orderitem&orderitemid=21789&wholewtqty=2.88 HTTP/1.1" 200 27 "-" "Zend\\Http\\Client"
52.206.111.94 - - [16/Nov/2016:11:17:46 +0000] "GET /bySKU.php?id=jpalmer&pw=goodbass&object=customerlistitems&customerid=565 HTTP/1.1" 200 3095 "-" "Zend\\Http\\Client"
::1 - - [16/Nov/2016:11:17:52 +0000] "OPTIONS * HTTP/1.0" 200 - "-" "Apache/2.4.23 (Amazon) OpenSSL/1.0.1k-fips PHP/5.6.26 (internal dummy connection)"
5.2.197.214 - - [16/Nov/2016:11:18:26 +0000] "PUT /bySKU.php?id=valentina&pw=fishy&object=orderitem&orderitemid=21789&wholewtqty=2.23 HTTP/1.1" 200 27 "-" "Zend\\Http\\Client"
5.2.197.214 - - [16/Nov/2016:11:18:29 +0000] "PUT /bySKU.php?id=valentina&pw=fishy&object=orderitem&orderitemid=21789&wholewtqty=0.65 HTTP/1.1" 200 27 "-" "Zend\\Http\\Client"
5.2.197.214 - - [16/Nov/2016:11:23:08 +0000] "PUT /bySKU.php?id=valentina&pw=fishy&object=orderitem&orderitemid=21789&wholewtqty=1.83 HTTP/1.1" 200 27 "-" "Zend\\Http\\Client"
5.2.197.214 - - [16/Nov/2016:11:23:11 +0000] "PUT /bySKU.php?id=valentina&pw=fishy&object=orderitem&orderitemid=21789&wholewtqty=1.18 HTTP/1.1" 200 27 "-" "Zend\\Http\\Client"
5.2.197.214 - - [16/Nov/2016:11:41:57 +0000] "PUT /bySKU.php?id=valentina&pw=fishy&object=orderitem&orderitemid=21789&wholewtqty=1.83 HTTP/1.1" 200 27 "-" "Zend\\Http\\Client"
5.2.197.214 - - [16/Nov/2016:11:42:33 +0000] "PUT /bySKU.php?id=valentina&pw=fishy&object=orderitem&orderitemid=21789&wholewtqty=1.70 HTTP/1.1" 200 27 "-" "Zend\\Http\\Client"
5.2.197.214 - - [16/Nov/2016:11:43:44 +0000] "GET /bySKU.php?id=valentina&pw=fishy&object=overridevendors&orderitemid=21789 HTTP/1.1" 200 21 "-" "Zend\\Http\\Client"
5.2.197.214 - - [16/Nov/2016:11:44:05 +0000] "PUT /bySKU.php?id=valentina&pw=fishy&object=orderitem&orderitemid=21789&vendorid=9&vendorproductid=null HTTP/1.1" 200 27 "-" "Zend\\Http\\Client"
5.2.197.214 - - [16/Nov/2016:11:44:09 +0000] "GET /bySKU.php?id=valentina&pw=fishy&object=overridevendors&orderitemid=21737 HTTP/1.1" 200 588 "-" "Zend\\Http\\Client"
5.2.197.214 - - [16/Nov/2016:11:44:33 +0000] "PUT /bySKU.php?id=valentina&pw=fishy&object=orderitem&orderitemid=21789&filletwt=0.65 HTTP/1.1" 200 27 "-" "Zend\\Http\\Client"
5.2.197.214 - - [16/Nov/2016:11:49:06 +0000] "PUT /bySKU.php?id=valentina&pw=fishy&object=orderitem&orderitemid=21789&statusid=8 HTTP/1.1" 200 27 "-" "Zend\\Http\\Client"
5.2.197.214 - - [16/Nov/2016:11:49:49 +0000] "PUT /bySKU.php?id=valentina&pw=fishy&object=orderitem&orderitemid=21789&statusid=2 HTTP/1.1" 200 27 "-" "Zend\\Http\\Client"
5.2.197.214 - - [16/Nov/2016:11:55:20 +0000] "PUT /bySKU.php?id=valentina&pw=fishy&object=orderitem&orderitemid=21789&statusid=8 HTTP/1.1" 200 27 "-" "Zend\\Http\\Client"
5.2.197.214 - - [16/Nov/2016:11:57:10 +0000] "PUT /bySKU.php?id=valentina&pw=fishy&object=orderitem&orderitemid=21790&wholewtqty=1.18 HTTP/1.1" 200 27 "-" "Zend\\Http\\Client"
5.2.197.214 - - [16/Nov/2016:11:59:49 +0000] "PUT /bySKU.php?id=valentina&pw=fishy&object=orderitem&orderitemid=21790&wholewtqty=1.83 HTTP/1.1" 200 27 "-" "Zend\\Http\\Client"
5.2.197.214 - - [16/Nov/2016:12:01:21 +0000] "PUT /bySKU.php?id=valentina&pw=fishy&object=orderitem&orderitemid=21790&wholewtqty=2.48 HTTP/1.1" 200 27 "-" "Zend\\Http\\Client"
5.2.197.214 - - [16/Nov/2016:12:01:39 +0000] "PUT /bySKU.php?id=valentina&pw=fishy&object=orderitem&orderitemid=21790&wholewtqty=3.13 HTTP/1.1" 200 27 "-" "Zend\\Http\\Client"
5.2.197.214 - - [16/Nov/2016:12:01:42 +0000] "PUT /bySKU.php?id=valentina&pw=fishy&object=orderitem&orderitemid=21790&wholewtqty=3.13 HTTP/1.1" 200 27 "-" "Zend\\Http\\Client"
5.2.197.214 - - [16/Nov/2016:12:05:25 +0000] "PUT /bySKU.php?id=valentina&pw=fishy&object=orderitem&orderitemid=21790&wholewtqty=4.83 HTTP/1.1" 200 27 "-" "Zend\\Http\\Client"
5.2.197.214 - - [16/Nov/2016:12:05:53 +0000] "PUT /bySKU.php?id=valentina&pw=fishy&object=orderitem&orderitemid=21790&statusid=9 HTTP/1.1" 200 27 "-" "Zend\\Http\\Client"
5.2.197.214 - - [16/Nov/2016:12:06:08 +0000] "PUT /bySKU.php?id=valentina&pw=fishy&object=orderitem&orderitemid=21790&statusid=2 HTTP/1.1" 200 27 "-" "Zend\\Http\\Client"
5.2.197.214 - - [16/Nov/2016:12:06:45 +0000] "PUT /bySKU.php?id=valentina&pw=fishy&object=orderitem&orderitemid=21790&statusid=9 HTTP/1.1" 200 27 "-" "Zend\\Http\\Client"
5.2.197.214 - - [16/Nov/2016:12:25:50 +0000] "PUT /bySKU.php?id=valentina&pw=fishy&object=orderitem&orderitemid=21789&statusid=9 HTTP/1.1" 200 27 "-" "Zend\\Http\\Client"
52.206.111.94 - - [16/Nov/2016:12:32:50 +0000] "GET /bySKU.php?id=jpalmer&pw=goodbass&object=customerlistitems&customerid=565 HTTP/1.1" 200 3095 "-" "Zend\\Http\\Client"
::1 - - [16/Nov/2016:12:32:56 +0000] "OPTIONS * HTTP/1.0" 200 - "-" "Apache/2.4.23 (Amazon) OpenSSL/1.0.1k-fips PHP/5.6.26 (internal dummy connection)"
::1 - - [16/Nov/2016:12:32:57 +0000] "OPTIONS * HTTP/1.0" 200 - "-" "Apache/2.4.23 (Amazon) OpenSSL/1.0.1k-fips PHP/5.6.26 (internal dummy connection)"
5.2.197.214 - - [16/Nov/2016:12:49:04 +0000] "PUT /bySKU.php?id=valentina&pw=fishy&object=orderitem&orderitemid=21789&statusid=10&wholewtqty=1.83 HTTP/1.1" 200 27 "-" "Zend\\Http\\Client"
5.2.197.214 - - [16/Nov/2016:12:53:20 +0000] "PUT /bySKU.php?id=valentina&pw=fishy&object=orderitem&orderitemid=21790&statusid=10&wholewtqty=1.18 HTTP/1.1" 200 27 "-" "Zend\\Http\\Client"
52.206.111.94 - - [16/Nov/2016:12:54:42 +0000] "GET /bySKU.php?id=jpalmer&pw=goodbass&object=customerlistitems&customerid=565 HTTP/1.1" 200 3095 "-" "Zend\\Http\\Client"
::1 - - [16/Nov/2016:12:54:48 +0000] "OPTIONS * HTTP/1.0" 200 - "-" "Apache/2.4.23 (Amazon) OpenSSL/1.0.1k-fips PHP/5.6.26 (internal dummy connection)"
::1 - - [16/Nov/2016:12:54:49 +0000] "OPTIONS * HTTP/1.0" 200 - "-" "Apache/2.4.23 (Amazon) OpenSSL/1.0.1k-fips PHP/5.6.26 (internal dummy connection)"
52.206.111.94 - - [16/Nov/2016:12:57:47 +0000] "GET /bySKU.php?id=jpalmer&pw=goodbass&object=customerlistitems&customerid=565 HTTP/1.1" 200 3095 "-" "Zend\\Http\\Client"
::1 - - [16/Nov/2016:12:57:53 +0000] "OPTIONS * HTTP/1.0" 200 - "-" "Apache/2.4.23 (Amazon) OpenSSL/1.0.1k-fips PHP/5.6.26 (internal dummy connection)"
::1 - - [16/Nov/2016:12:57:54 +0000] "OPTIONS * HTTP/1.0" 200 - "-" "Apache/2.4.23 (Amazon) OpenSSL/1.0.1k-fips PHP/5.6.26 (internal dummy connection)"
52.206.111.94 - - [16/Nov/2016:13:05:19 +0000] "GET /bySKU.php?id=jpalmer&pw=goodbass&object=customerlistitems&customerid=565 HTTP/1.1" 200 3095 "-" "Zend\\Http\\Client"
::1 - - [16/Nov/2016:13:05:25 +0000] "OPTIONS * HTTP/1.0" 200 - "-" "Apache/2.4.23 (Amazon) OpenSSL/1.0.1k-fips PHP/5.6.26 (internal dummy connection)"
::1 - - [16/Nov/2016:13:05:26 +0000] "OPTIONS * HTTP/1.0" 200 - "-" "Apache/2.4.23 (Amazon) OpenSSL/1.0.1k-fips PHP/5.6.26 (internal dummy connection)"
52.206.111.94 - - [16/Nov/2016:13:08:14 +0000] "GET /bySKU.php?id=jpalmer&pw=goodbass&object=customerlistitems&customerid=565 HTTP/1.1" 200 3095 "-" "Zend\\Http\\Client"
::1 - - [16/Nov/2016:13:08:20 +0000] "OPTIONS * HTTP/1.0" 200 - "-" "Apache/2.4.23 (Amazon) OpenSSL/1.0.1k-fips PHP/5.6.26 (internal dummy connection)"
::1 - - [16/Nov/2016:13:08:21 +0000] "OPTIONS * HTTP/1.0" 200 - "-" "Apache/2.4.23 (Amazon) OpenSSL/1.0.1k-fips PHP/5.6.26 (internal dummy connection)"
144.140.230.77 - - [16/Nov/2016:13:08:39 +0000] "GET / HTTP/1.0" 302 - "-" "Mozilla/5.0 (compatible; Googlebot/2.1; +http://www.google.com/bot.html)"
52.206.111.94 - - [16/Nov/2016:13:08:58 +0000] "GET /bySKU.php?id=jpalmer&pw=goodbass&object=customerlistitems&customerid=565 HTTP/1.1" 200 3095 "-" "Zend\\Http\\Client"
::1 - - [16/Nov/2016:13:09:06 +0000] "OPTIONS * HTTP/1.0" 200 - "-" "Apache/2.4.23 (Amazon) OpenSSL/1.0.1k-fips PHP/5.6.26 (internal dummy connection)"
192.241.183.113 - - [16/Nov/2016:14:06:47 +0000] "GET http://162.243.56.104/ HTTP/1.1" 302 - "-" "-"
52.206.111.94 - - [16/Nov/2016:14:15:24 +0000] "GET /bySKU.php?id=jpalmer&pw=goodbass&object=customerlistitems&customerid=565 HTTP/1.1" 200 3095 "-" "Zend\\Http\\Client"
::1 - - [16/Nov/2016:14:15:30 +0000] "OPTIONS * HTTP/1.0" 200 - "-" "Apache/2.4.23 (Amazon) OpenSSL/1.0.1k-fips PHP/5.6.26 (internal dummy connection)"
123.59.42.149 - - [16/Nov/2016:14:16:33 +0000] "GET http://www.baidu.com/favicon.ico HTTP/1.1" 200 697 "-" "Mozilla/5.0 (Macintosh; Intel Mac OS X 10_11_6) AppleWebKit/537.36 (KHTML, like Gecko) Chrome/53.0.2785.116 Safari/537.36"
5.2.197.214 - - [16/Nov/2016:14:50:29 +0000] "PUT /bySKU.php?id=valentina&pw=fishy&object=orderitem&orderitemid=21737&wholewtqty=1.18 HTTP/1.1" 200 27 "-" "Zend\\Http\\Client"
67.173.117.223 - - [16/Nov/2016:16:46:33 +0000] "GET / HTTP/1.1" 200 8219 "-" "Mozilla/5.0 (Macintosh; Intel Mac OS X 10.12; rv:49.0) Gecko/20100101 Firefox/49.0"
67.173.117.223 - - [16/Nov/2016:16:46:33 +0000] "GET /media/wysiwyg/recipes/WhitingInBrodo/FFM_Recipe_Image_WhitingInBrodo-12_WEB.jpg HTTP/1.1" 404 277 "http://chef.ffmalpha.com/" "Mozilla/5.0 (Macintosh; Intel Mac OS X 10.12; rv:49.0) Gecko/20100101 Firefox/49.0"
67.173.117.223 - - [16/Nov/2016:16:46:34 +0000] "GET /media/wysiwyg/recipes/WhitingInBrodo/FFM_Recipe_Image_WhitingInBrodo-12_WEB.jpg HTTP/1.1" 404 277 "http://chef.ffmalpha.com/" "Mozilla/5.0 (Macintosh; Intel Mac OS X 10.12; rv:49.0) Gecko/20100101 Firefox/49.0"
67.173.117.223 - - [16/Nov/2016:16:46:40 +0000] "POST / HTTP/1.1" 200 7924 "http://chef.ffmalpha.com/" "Mozilla/5.0 (Macintosh; Intel Mac OS X 10.12; rv:49.0) Gecko/20100101 Firefox/49.0"
52.206.111.94 - - [16/Nov/2016:16:50:29 +0000] "GET /bySKU.php?id=jpalmer&pw=goodbass&object=salespeople HTTP/1.1" 200 374 "-" "curl/7.47.1"
52.206.111.94 - - [16/Nov/2016:16:50:44 +0000] "GET /bySKU.php?id=jpalmer&pw=goodbass&object=customers&salespersonid=183 HTTP/1.1" 200 7272 "-" "curl/7.47.1"
192.241.183.113 - - [16/Nov/2016:17:55:31 +0000] "GET http://162.243.56.104/ HTTP/1.1" 302 - "-" "-"
180.97.106.161 - - [16/Nov/2016:19:03:02 +0000] "HEAD http://180.163.113.82/check_proxy HTTP/1.1" 302 - "-" "-"
183.129.160.229 - - [16/Nov/2016:19:14:49 +0000] "test" 400 226 "-" "-"
183.129.160.229 - - [16/Nov/2016:19:14:49 +0000] "GET / HTTP/1.1" 302 - "-" "Mozilla/5.0 (Macintosh; Intel Mac OS X 10.11; rv:47.0) Gecko/20100101 Firefox/47.0"
93.174.93.164 - - [17/Nov/2016:01:08:51 +0000] "GET / HTTP/1.0" 302 - "-" "Mozilla/5.0 (Windows NT 6.1; rv:31.0) Gecko/20100101 Firefox/31.0"
73.194.81.124 - - [17/Nov/2016:06:59:20 +0000] "GET / HTTP/1.0" 302 - "-" "Mozilla/5.0 (compatible; Googlebot/2.1; +http://www.google.com/bot.html)"
5.2.197.214 - - [17/Nov/2016:08:41:12 +0000] "PUT /bySKU.php?id=valentina&pw=fishy&object=orderitem&orderitemid=13529&wholewtqty=1.18 HTTP/1.1" 302 - "-" "Zend\\Http\\Client"
5.2.197.214 - - [17/Nov/2016:08:41:45 +0000] "PUT /bySKU.php?id=valentina&pw=fishy&object=orderitem&orderitemid=13529&wholewtqty=1.18 HTTP/1.1" 302 - "-" "Zend\\Http\\Client"
5.2.197.214 - - [17/Nov/2016:09:39:35 +0000] "GET /bySKU.php?id=valentina&pw=fishy&object=vendor HTTP/1.1" 302 - "-" "Zend\\Http\\Client"
5.2.197.214 - - [17/Nov/2016:09:39:36 +0000] "GET /?id=valentina&pw=fishy&object=status HTTP/1.1" 200 5715 "-" "Zend\\Http\\Client"
5.2.197.214 - - [17/Nov/2016:09:51:35 +0000] "GET /bySKU.php?id=valentina&pw=fishy&object=vendor HTTP/1.1" 302 - "-" "Zend\\Http\\Client"
5.2.197.214 - - [17/Nov/2016:09:51:35 +0000] "GET /?id=valentina&pw=fishy&object=status HTTP/1.1" 200 5715 "-" "Zend\\Http\\Client"
5.2.197.214 - - [17/Nov/2016:09:51:47 +0000] "GET /bySKU.php?id=valentina&pw=fishy&object=vendor HTTP/1.1" 302 - "-" "Zend\\Http\\Client"
5.2.197.214 - - [17/Nov/2016:09:51:47 +0000] "GET /?id=valentina&pw=fishy&object=status HTTP/1.1" 200 5715 "-" "Zend\\Http\\Client"
5.2.197.214 - - [17/Nov/2016:09:55:59 +0000] "GET /bySKU.php?id=valentina&pw=fishy&object=vendor HTTP/1.1" 200 4104 "-" "Zend\\Http\\Client"
5.2.197.214 - - [17/Nov/2016:09:56:00 +0000] "GET /bySKU.php?id=valentina&pw=fishy&object=status HTTP/1.1" 200 793 "-" "Zend\\Http\\Client"
5.2.197.214 - - [17/Nov/2016:09:56:00 +0000] "GET /bySKU.php?id=valentina&pw=fishy&object=bysku HTTP/1.1" 200 50995 "-" "Zend\\Http\\Client"
5.2.197.214 - - [17/Nov/2016:09:56:04 +0000] "GET /bySKU.php?id=valentina&pw=fishy&object=shippingaddress&orderid=200000567 HTTP/1.1" 200 392 "-" "Zend\\Http\\Client"
5.2.197.214 - - [17/Nov/2016:09:56:04 +0000] "GET /bySKU.php?id=valentina&pw=fishy&object=shippingaddress&orderid=100007901 HTTP/1.1" 200 401 "-" "Zend\\Http\\Client"
5.2.197.214 - - [17/Nov/2016:09:56:05 +0000] "GET /bySKU.php?id=valentina&pw=fishy&object=shippingaddress&orderid=200000548 HTTP/1.1" 200 386 "-" "Zend\\Http\\Client"
5.2.197.214 - - [17/Nov/2016:09:56:06 +0000] "GET /bySKU.php?id=valentina&pw=fishy&object=shippingaddress&orderid=100007084 HTTP/1.1" 200 391 "-" "Zend\\Http\\Client"
5.2.197.214 - - [17/Nov/2016:09:56:06 +0000] "GET /bySKU.php?id=valentina&pw=fishy&object=shippingaddress&orderid=100007882 HTTP/1.1" 200 414 "-" "Zend\\Http\\Client"
5.2.197.214 - - [17/Nov/2016:09:56:07 +0000] "GET /bySKU.php?id=valentina&pw=fishy&object=shippingaddress&orderid=200000555 HTTP/1.1" 200 378 "-" "Zend\\Http\\Client"
